---
source: tests/ported/c_tests.rs
expression: sbdf
---
Sbdf(
  file_header: FileHeader(
    major_version: 1,
    minor_version: 0,
  ),
  table_metadata: TableMetadata(
    metadata: [
      Metadata(
        name: "SbdfTest.TableMetaDecimal",
        value: Decimal((119, 26, 5, 0, 0, 0, 0, 0, 0, 0, 0, 0, 0, 0, 56, 48)),
      ),
    ],
    columns: [],
  ),
  table_slices: [],
)
