---
source: tests/ported/c_tests.rs
expression: sbdf
---
Sbdf(
  file_header: FileHeader(
    major_version: 1,
    minor_version: 0,
  ),
  table_metadata: TableMetadata(
    metadata: [],
    columns: [
      ColumnMetadata(
        name: "A",
        ty: Int,
        other: [],
      ),
      ColumnMetadata(
        name: "B",
        ty: String,
        other: [],
      ),
      ColumnMetadata(
        name: "C",
        ty: Double,
        other: [],
      ),
      ColumnMetadata(
        name: "D",
        ty: Date,
        other: [],
      ),
    ],
  ),
  table_slices: [
    TableSlice(
      column_slices: [
        ColumnSlice(
          values: Plain(IntArray(IntArray([
            1,
            2,
          ]))),
          properties: ColumnProperties(
            is_invalid: None,
            error_code: None,
            has_replaced_value: None,
            other: [],
          ),
        ),
        ColumnSlice(
          values: Plain(StringArray(StringArray([
            "Foo",
            "Fie",
          ]))),
          properties: ColumnProperties(
            is_invalid: None,
            error_code: None,
            has_replaced_value: None,
            other: [],
          ),
        ),
        ColumnSlice(
          values: Plain(DoubleArray(DoubleArray([
            3.5,
            100.0,
          ]))),
          properties: ColumnProperties(
            is_invalid: None,
            error_code: None,
            has_replaced_value: Some(EncodedBitArray(
              bit_count: 2,
              bytes: [
                128,
              ],
            )),
            other: [],
          ),
        ),
        ColumnSlice(
          values: Plain(DateArray(DateArray([
            12345,
            0,
          ]))),
          properties: ColumnProperties(
            is_invalid: None,
            error_code: Some(Plain(StringArray(StringArray([
              "",
              "illegal value",
            ])))),
            has_replaced_value: None,
            other: [],
          ),
        ),
      ],
    ),
  ],
)
