---
source: tests/ported/c_tests.rs
expression: sbdf
---
Sbdf(
  file_header: FileHeader(
    major_version: 1,
    minor_version: 0,
  ),
  table_metadata: TableMetadata(
    metadata: [
      Metadata(
        name: "SbdfTest.TableMetaTimeSpan",
        value: TimeSpan(12300),
        default_value: None,
      ),
    ],
    columns: [
      ColumnMetadata(
        name: "TimeSpan",
        ty: TimeSpan,
        other: [
          Metadata(
            name: "SbdfTest.ColumnMetaTimeSpan0",
            value: TimeSpan(12300),
            default_value: None,
          ),
        ],
      ),
    ],
  ),
  table_slices: [
    TableSlice(
      column_slices: [
        ColumnSlice(
          values: Plain(
            value: TimeSpan(405900),
          ),
          properties: ColumnProperties(
            is_invalid: None,
            error_code: None,
            has_replaced_value: None,
            other: [],
          ),
        ),
      ],
    ),
  ],
)
