---
source: tests/ported/c_tests.rs
expression: sbdf
---
Sbdf(
  file_header: FileHeader(
    major_version: 1,
    minor_version: 0,
  ),
  table_metadata: TableMetadata(
    metadata: [
      Metadata(
        name: "SbdfTest.TableMetaBoolean",
        value: Bool(true),
        default_value: None,
      ),
    ],
    columns: [
      ColumnMetadata(
        name: "Boolean",
        ty: Bool,
        other: [
          Metadata(
            name: "SbdfTest.ColumnMetaBoolean0",
            value: Bool(true),
            default_value: None,
          ),
        ],
      ),
    ],
  ),
  table_slices: [],
)
